2026-09-29 03:30:54,707 INFO bench: bench --out environment/results/set_c --workers 16 run --configs case_information
2026-09-29 03:30:59,828 INFO bench.run: run case_information C:PMC11249570_01: ok case_study, 0 docs, 2.4s, $0.0001 [1/272]
2026-09-29 03:31:00,416 INFO bench.run: run case_information C:PMC6056777_01: ok case_study, 0 docs, 2.9s, $0.0002 [2/272]
2026-09-29 03:31:02,591 INFO bench.run: run case_information C:PMC10905129_01: ok case_study, 0 docs, 5.1s, $0.0002 [3/272]
2026-09-29 03:31:02,852 INFO bench.run: run case_information C:PMC6796688_01: ok case_study, 0 docs, 5.4s, $0.0001 [4/272]
2026-09-29 03:31:02,853 INFO bench.run: run case_information C:PMC5468569_01-3: ok case_study, 0 docs, 5.3s, $0.0000 [5/272]
2026-09-29 03:31:03,041 INFO bench.run: run case_information C:PMC9095982_01: ok case_study, 0 docs, 5.5s, $0.0001 [6/272]
2026-09-29 03:31:03,111 INFO bench.run: run case_information C:PMC3056427_01: ok case_study, 0 docs, 5.6s, $0.0001 [7/272]
2026-09-29 03:31:03,539 INFO bench.run: run case_information C:PMC6796688_01-3: ok case_study, 0 docs, 6.0s, $0.0001 [8/272]
2026-09-29 03:31:03,607 INFO bench.run: run case_information C:PMC3699949_01: ok case_study, 0 docs, 3.8s, $0.0001 [9/272]
2026-09-29 03:31:03,634 INFO bench.run: run case_information C:PMC3959066_01: ok case_study, 0 docs, 6.1s, $0.0001 [10/272]
2026-09-29 03:31:04,051 INFO bench.run: run case_information C:PMC6611721_01: ok case_study, 0 docs, 6.5s, $0.0001 [11/272]
2026-09-29 03:31:04,349 INFO bench.run: run case_information C:PMC11755473_01: ok case_study, 0 docs, 3.9s, $0.0001 [12/272]
2026-09-29 03:31:05,425 INFO bench.run: run case_information C:PMC11755473_01-2: ok case_study, 0 docs, 2.8s, $0.0001 [13/272]
2026-09-29 03:31:05,615 INFO bench.run: run case_information C:PMC3959066_01-2: ok case_study, 0 docs, 8.1s, $0.0001 [14/272]
2026-09-29 03:31:06,676 INFO bench.run: run case_information C:PMC3806685_01: ok case_study, 0 docs, 3.8s, $0.0000 [15/272]
2026-09-29 03:31:06,763 INFO bench.run: run case_information C:PMC6796688_01-2: ok case_study, 0 docs, 9.3s, $0.0001 [16/272]
2026-09-29 03:31:06,772 INFO bench.run: run case_information C:PMC10601745_01: ok case_study, 0 docs, 3.9s, $0.0001 [17/272]
2026-09-29 03:31:06,852 INFO bench.run: run case_information C:PMC5546592_01: ok case_study, 0 docs, 3.7s, $0.0001 [18/272]
2026-09-29 03:31:07,049 INFO bench.run: run case_information C:PMC7791350_02: ok case_study, 0 docs, 3.4s, $0.0001 [19/272]
2026-09-29 03:31:07,881 INFO bench.run: run case_information C:PMC11760277_01: ok case_study, 0 docs, 4.8s, $0.0001 [20/272]
2026-09-29 03:31:07,967 INFO bench.run: run case_information C:PMC11755473_01-3: ok case_study, 0 docs, 4.4s, $0.0001 [21/272]
2026-09-29 03:31:08,476 INFO bench.run: run case_information C:PMC10601745_01-2: ok case_study, 0 docs, 4.4s, $0.0001 [22/272]
2026-09-29 03:31:08,668 INFO bench.run: run case_information C:PMC5546592_01-2: ok case_study, 0 docs, 4.3s, $0.0001 [23/272]
2026-09-29 03:31:09,100 INFO bench.run: run case_information C:PMC5468569_01-2: ok case_study, 0 docs, 11.6s, $0.0000 [24/272]
2026-09-29 03:31:10,478 INFO bench.run: run case_information C:PMC2831512_01: ok case_study, 0 docs, 2.6s, $0.0001 [25/272]
2026-09-29 03:31:11,115 INFO bench.run: run case_information C:PMC7412905_01: ok case_study, 0 docs, 4.3s, $0.0001 [26/272]
2026-09-29 03:31:11,679 INFO bench.run: run case_information C:PMC6134489_01: ok case_study, 0 docs, 4.9s, $0.0001 [27/272]
2026-09-29 03:31:12,348 INFO bench.run: run case_information C:PMC6056777_01-2: ok case_study, 0 docs, 14.8s, $0.0001 [28/272]
2026-09-29 03:31:12,854 INFO bench.run: run case_information C:PMC4438191_04: ok case_study, 0 docs, 4.9s, $0.0001 [29/272]
2026-09-29 03:31:13,114 INFO bench.run: run case_information C:PMC11760277_01-2: ok case_study, 0 docs, 6.4s, $0.0001 [30/272]
2026-09-29 03:31:13,205 INFO bench.run: run case_information C:PMC4475516_01: ok case_study, 0 docs, 6.3s, $0.0001 [31/272]
2026-09-29 03:31:13,944 INFO bench.run: run case_information C:PMC7412905_01-2: ok case_study, 0 docs, 6.9s, $0.0001 [32/272]
2026-09-29 03:31:13,952 INFO bench.run: run case_information C:PMC5468569_01: ok case_study, 0 docs, 16.5s, $0.0001 [33/272]
2026-09-29 03:31:14,433 INFO bench.run: run case_information C:PMC6611721_01-2: ok case_study, 0 docs, 16.9s, $0.0000 [34/272]
2026-09-29 03:31:14,514 INFO bench.run: run case_information C:PMC5066016_01: ok case_study, 0 docs, 10.9s, $0.0001 [35/272]
2026-09-29 03:31:16,308 INFO bench.run: run case_information C:PMC3005659_01: ok case_study, 0 docs, 1.8s, $0.0001 [36/272]
2026-09-29 03:31:17,375 INFO bench.run: run case_information C:PMC11108692_01: ok case_study, 0 docs, 5.7s, $0.0001 [37/272]
2026-09-29 03:31:17,466 INFO bench.run: run case_information C:PMC8528609_02: ok case_study, 0 docs, 5.1s, $0.0000 [38/272]
2026-09-29 03:31:17,467 INFO bench.run: run case_information C:PMC3645620_04: ok case_study, 0 docs, 4.6s, $0.0001 [39/272]
2026-09-29 03:31:17,800 INFO bench.run: run case_information C:PMC3014744_02: ok case_study, 0 docs, 3.4s, $0.0001 [40/272]
2026-09-29 03:31:18,385 INFO bench.run: run case_information C:PMC3800394_01: ok case_study, 0 docs, 5.3s, $0.0000 [41/272]
2026-09-29 03:31:18,407 INFO bench.run: run case_information C:PMC2996005_01: ok case_study, 0 docs, 9.9s, $0.0001 [42/272]
2026-09-29 03:31:18,484 INFO bench.run: run case_information C:PMC3125664_01: ok case_study, 0 docs, 9.8s, $0.0001 [43/272]
2026-09-29 03:31:18,498 INFO bench.run: run case_information C:PMC7791350_02-2: ok case_study, 0 docs, 12.9s, $0.0003 [44/272]
2026-09-29 03:31:18,583 INFO bench.run: run case_information C:PMC10200079_01-2: ok case_study, 0 docs, 5.4s, $0.0001 [45/272]
2026-09-29 03:31:19,356 INFO bench.run: run case_information C:PMC10625821_01: ok case_study, 0 docs, 5.4s, $0.0000 [46/272]
2026-09-29 03:31:19,735 INFO bench.run: run case_information C:PMC8378174_02: ok case_study, 0 docs, 5.8s, $0.0001 [47/272]
2026-09-29 03:31:19,764 INFO bench.run: run case_information C:PMC3125664_01-2: ok case_study, 0 docs, 10.7s, $0.0001 [48/272]
2026-09-29 03:31:21,699 INFO bench.run: run case_information C:PMC10200079_01: ok case_study, 0 docs, 11.2s, $0.0001 [49/272]
2026-09-29 03:31:22,627 INFO bench.run: run case_information C:PMC3014744_02-2: ok case_study, 0 docs, 5.2s, $0.0001 [50/272]
2026-09-29 03:31:22,940 INFO bench.run: run case_information C:PMC8851600_09: ok case_study, 0 docs, 5.6s, $0.0001 [51/272]
2026-09-29 03:31:22,992 INFO bench.run: run case_information C:PMC8851600_09-2: ok case_study, 0 docs, 3.3s, $0.0001 [52/272]
2026-09-29 03:31:23,302 INFO bench.run: run case_information C:PMC5817294_01: ok case_study, 0 docs, 5.8s, $0.0001 [53/272]
2026-09-29 03:31:23,332 INFO bench.run: run case_information C:PMC9924630_01-2: ok case_study, 0 docs, 5.0s, $0.0001 [54/272]
2026-09-29 03:31:23,428 INFO bench.run: run case_information C:PMC5817294_01-2: ok case_study, 0 docs, 3.7s, $0.0001 [55/272]
2026-09-29 03:31:23,661 INFO bench.run: run case_information C:PMC8378174_02-2: ok case_study, 0 docs, 5.1s, $0.0001 [56/272]
2026-09-29 03:31:25,831 INFO bench.run: run case_information C:PMC3014744_02-3: ok case_study, 0 docs, 7.3s, $0.0001 [57/272]
2026-09-29 03:31:26,778 INFO bench.run: run case_information C:PMC7083188_01: ok no_documents, 0 docs, 21.4s, $0.0003 [58/272]
2026-09-29 03:31:27,596 INFO bench.run: run case_information C:PMC10912554_01-2: ok case_study, 0 docs, 9.1s, $0.0001 [59/272]
2026-09-29 03:31:28,523 INFO bench.run: run case_information C:PMC7412905_01-3: ok case_study, 0 docs, 17.4s, $0.0001 [60/272]
2026-09-29 03:31:29,286 INFO bench.run: run case_information C:PMC9273465_01: ok case_study, 0 docs, 7.6s, $0.0001 [61/272]
2026-09-29 03:31:29,697 INFO bench.run: run case_information C:PMC9924630_01-3: ok case_study, 0 docs, 10.3s, $0.0001 [62/272]
2026-09-29 03:31:30,319 INFO bench.run: run case_information C:PMC3023755_01: ok case_study, 0 docs, 7.7s, $0.0001 [63/272]
2026-09-29 03:31:31,116 INFO bench.run: run case_information C:PMC9273465_01-2: ok case_study, 0 docs, 7.7s, $0.0001 [64/272]
2026-09-29 03:31:31,279 INFO bench.run: run case_information C:PMC11802409_01: ok case_study, 0 docs, 7.9s, $0.0001 [65/272]
2026-09-29 03:31:31,461 INFO bench.run: run case_information C:PMC3350058_01: ok case_study, 0 docs, 8.2s, $0.0001 [66/272]
2026-09-29 03:31:31,570 INFO bench.run: run case_information C:PMC4746980_01: ok case_study, 0 docs, 8.6s, $0.0001 [67/272]
2026-09-29 03:31:31,765 INFO bench.run: run case_information C:PMC3023755_01-2: ok case_study, 0 docs, 8.8s, $0.0001 [68/272]
2026-09-29 03:31:31,912 INFO bench.run: run case_information C:PMC10912554_01: ok case_study, 0 docs, 13.5s, $0.0002 [69/272]
2026-09-29 03:31:32,012 INFO bench.run: run case_information C:PMC9924630_01: ok case_study, 0 docs, 15.7s, $0.0001 [70/272]
2026-09-29 03:31:32,148 INFO bench.run: run case_information C:PMC3625585_01: ok case_study, 0 docs, 14.3s, $0.0001 [71/272]
2026-09-29 03:31:32,459 INFO bench.run: run case_information C:PMC9923036_01: ok case_study, 0 docs, 5.7s, $0.0001 [72/272]
2026-09-29 03:31:32,738 INFO bench.run: run case_information C:PMC9929136_02: ok case_study, 0 docs, 4.2s, $0.0001 [73/272]
2026-09-29 03:31:33,295 INFO bench.run: run case_information C:PMC11004302_01: ok case_study, 0 docs, 2.0s, $0.0001 [74/272]
2026-09-29 03:31:33,495 INFO bench.run: run case_information C:PMC3792542_01: ok case_study, 0 docs, 7.7s, $0.0001 [75/272]
2026-09-29 03:31:33,875 INFO bench.run: run case_information C:PMC6286777_01: ok case_study, 0 docs, 10.2s, $0.0001 [76/272]
2026-09-29 03:31:34,891 INFO bench.run: run case_information C:PMC10499513_07: ok case_study, 0 docs, 2.9s, $0.0002 [77/272]
2026-09-29 03:31:35,732 INFO bench.run: run case_information C:PMC9929136_02-2: ok case_study, 0 docs, 5.4s, $0.0001 [78/272]
2026-09-29 03:31:36,501 INFO bench.run: run case_information C:PMC11288352_01-2: ok case_study, 0 docs, 4.0s, $0.0001 [79/272]
2026-09-29 03:31:36,522 INFO bench.run: run case_information C:PMC4673324_01: ok case_study, 0 docs, 5.1s, $0.0001 [80/272]
2026-09-29 03:31:36,522 INFO bench.run: run case_information C:PMC11288352_01: ok case_study, 0 docs, 5.0s, $0.0001 [81/272]
2026-09-29 03:31:36,838 INFO bench.run: run case_information C:PMC3350266_04: ok case_study, 0 docs, 4.9s, $0.0001 [82/272]
2026-09-29 03:31:37,214 INFO bench.run: run case_information C:PMC10957724_01-2: ok case_study, 0 docs, 2.3s, $0.0001 [83/272]
2026-09-29 03:31:37,244 INFO bench.run: run case_information C:PMC10957724_01: ok case_study, 0 docs, 4.5s, $0.0001 [84/272]
2026-09-29 03:31:37,480 INFO bench.run: run case_information C:PMC3792542_01-2: ok case_study, 0 docs, 6.4s, $0.0001 [85/272]
2026-09-29 03:31:40,061 INFO bench.run: run case_information C:PMC3732352_01-2: ok case_study, 0 docs, 4.3s, $0.0001 [86/272]
2026-09-29 03:31:40,186 INFO bench.run: run case_information C:PMC5398300_01-2: ok case_study, 0 docs, 10.5s, $0.0001 [87/272]
2026-09-29 03:31:40,501 INFO bench.run: run case_information C:PMC3732352_01: ok case_study, 0 docs, 6.6s, $0.0001 [88/272]
2026-09-29 03:31:41,188 INFO bench.run: run case_information C:PMC7094042_01: ok case_study, 0 docs, 4.7s, $0.0001 [89/272]
2026-09-29 03:31:41,401 INFO bench.run: run case_information C:PMC10481824_01: ok case_study, 0 docs, 8.1s, $0.0001 [90/272]
2026-09-29 03:31:41,499 INFO bench.run: run case_information C:PMC11374122_01: ok case_study, 0 docs, 8.0s, $0.0001 [91/272]
2026-09-29 03:31:42,528 INFO bench.run: run case_information C:PMC11783480_06: ok case_study, 0 docs, 6.0s, $0.0001 [92/272]
2026-09-29 03:31:42,652 INFO bench.run: run case_information C:PMC7094042_01-2: ok case_study, 0 docs, 5.4s, $0.0001 [93/272]
2026-09-29 03:31:43,212 INFO bench.run: run case_information C:PMC11802409_01-2: ok case_study, 0 docs, 13.9s, $0.0001 [94/272]
2026-09-29 03:31:43,805 INFO bench.run: run case_information C:PMC5398300_01: ok case_study, 0 docs, 16.2s, $0.0001 [95/272]
2026-09-29 03:31:43,900 INFO bench.run: run case_information C:PMC11018878_01: ok case_study, 0 docs, 12.1s, $0.0001 [96/272]
2026-09-29 03:31:44,318 INFO bench.run: run case_information C:PMC4518021_01-2: ok case_study, 0 docs, 4.2s, $0.0001 [97/272]
2026-09-29 03:31:44,425 INFO bench.run: run case_information C:PMC3016773_01: ok case_study, 0 docs, 6.9s, $0.0001 [98/272]
2026-09-29 03:31:44,949 INFO bench.run: run case_information C:PMC4518021_01: ok case_study, 0 docs, 7.7s, $0.0001 [99/272]
2026-09-29 03:31:44,955 INFO bench.run: run case_information C:PMC7094042_01-3: ok case_study, 0 docs, 4.8s, $0.0001 [100/272]
2026-09-29 03:31:45,827 INFO bench.run: run case_information C:PMC6548214_02: ok case_study, 0 docs, 3.2s, $0.0002 [101/272]
2026-09-29 03:31:45,984 INFO bench.run: run case_information C:PMC9792920_01: ok case_study, 0 docs, 5.5s, $0.0001 [102/272]
2026-09-29 03:31:46,172 INFO bench.run: run case_information C:PMC3016773_01-2: ok case_study, 0 docs, 4.8s, $0.0001 [103/272]
2026-09-29 03:31:46,489 INFO bench.run: run case_information C:PMC8387078_01: ok case_study, 0 docs, 4.0s, $0.0001 [104/272]
2026-09-29 03:31:46,884 INFO bench.run: run case_information C:PMC6016220_01: ok case_study, 0 docs, 3.7s, $0.0001 [105/272]
2026-09-29 03:31:48,388 INFO bench.run: run case_information C:PMC9673151_01: ok case_study, 0 docs, 4.6s, $0.0001 [106/272]
2026-09-29 03:31:48,434 INFO bench.run: run case_information C:PMC9792920_01-2: ok case_study, 0 docs, 6.9s, $0.0001 [107/272]
2026-09-29 03:31:48,909 INFO bench.run: run case_information C:PMC10880484_01: ok case_study, 0 docs, 4.6s, $0.0001 [108/272]
2026-09-29 03:31:49,135 INFO bench.run: run case_information C:PMC10894444_01: ok case_study, 0 docs, 4.7s, $0.0001 [109/272]
2026-09-29 03:31:49,295 INFO bench.run: run case_information C:PMC4673324_01-2: ok case_study, 0 docs, 17.1s, $0.0001 [110/272]
2026-09-29 03:31:49,768 INFO bench.run: run case_information C:PMC11157216_01: ok case_study, 0 docs, 12.9s, $0.0001 [111/272]
2026-09-29 03:31:50,659 INFO bench.run: run case_information C:PMC10806383_01: ok case_study, 0 docs, 5.7s, $0.0001 [112/272]
2026-09-29 03:31:51,052 INFO bench.run: run case_information C:PMC6742864_01: ok case_study, 0 docs, 4.6s, $0.0000 [113/272]
2026-09-29 03:31:51,719 INFO bench.run: run case_information C:PMC3745877_01: ok case_study, 0 docs, 5.5s, $0.0001 [114/272]
2026-09-29 03:31:51,813 INFO bench.run: run case_information C:PMC3745877_01-2: ok case_study, 0 docs, 4.9s, $0.0001 [115/272]
2026-09-29 03:31:52,058 INFO bench.run: run case_information C:PMC10880484_01-2: ok case_study, 0 docs, 2.8s, $0.0001 [116/272]
2026-09-29 03:31:52,114 INFO bench.run: run case_information C:PMC11752478_03: ok case_study, 0 docs, 6.3s, $0.0001 [117/272]
2026-09-29 03:31:52,387 INFO bench.run: run case_information C:PMC4478406_01: ok case_study, 0 docs, 4.0s, $0.0001 [118/272]
2026-09-29 03:31:53,229 INFO bench.run: run case_information C:PMC9924590_02: ok case_study, 0 docs, 7.2s, $0.0001 [119/272]
2026-09-29 03:31:53,679 INFO bench.run: run case_information C:PMC6742864_01-2: ok case_study, 0 docs, 4.8s, $0.0001 [120/272]
2026-09-29 03:31:53,844 INFO bench.run: run case_information C:PMC10481824_01-2: ok case_study, 0 docs, 17.3s, $0.0001 [121/272]
2026-09-29 03:31:54,196 INFO bench.run: run case_information C:PMC4478406_01-2: ok case_study, 0 docs, 5.1s, $0.0001 [122/272]
2026-09-29 03:31:54,581 INFO bench.run: run case_information C:PMC5875114_01: ok case_study, 0 docs, 3.9s, $0.0001 [123/272]
2026-09-29 03:31:54,784 INFO bench.run: run case_information C:PMC10839547_01-2: ok case_study, 0 docs, 5.0s, $0.0001 [124/272]
2026-09-29 03:31:54,872 INFO bench.run: run case_information C:PMC10877068_01: ok case_study, 0 docs, 3.1s, $0.0002 [125/272]
2026-09-29 03:31:55,043 INFO bench.run: run case_information C:PMC5438004_01: ok case_study, 0 docs, 2.7s, $0.0001 [126/272]
2026-09-29 03:31:55,085 INFO bench.run: run case_information C:PMC8216418_04: ok case_study, 0 docs, 13.9s, $0.0001 [127/272]
2026-09-29 03:31:56,093 INFO bench.run: run case_information C:PMC4294451_01: ok case_study, 0 docs, 5.0s, $0.0001 [128/272]
2026-09-29 03:31:56,553 INFO bench.run: run case_information C:PMC8452446_01: ok case_study, 0 docs, 4.4s, $0.0001 [129/272]
2026-09-29 03:31:56,861 INFO bench.run: run case_information C:PMC4294451_01-2: ok case_study, 0 docs, 1.8s, $0.0002 [130/272]
2026-09-29 03:31:56,971 INFO bench.run: run case_information C:PMC7520668_01: ok case_study, 0 docs, 5.2s, $0.0001 [131/272]
2026-09-29 03:31:57,430 INFO bench.run: run case_information C:PMC10839547_01: ok case_study, 0 docs, 9.0s, $0.0001 [132/272]
2026-09-29 03:31:57,479 INFO bench.run: run case_information C:PMC10894444_01-2: ok case_study, 0 docs, 12.5s, $0.0001 [133/272]
2026-09-29 03:31:58,585 INFO bench.run: run case_information C:PMC11177723_01: ok case_study, 0 docs, 4.9s, $0.0001 [134/272]
2026-09-29 03:31:59,009 INFO bench.run: run case_information C:PMC7737524_02: ok case_study, 0 docs, 5.8s, $0.0001 [135/272]
2026-09-29 03:31:59,311 INFO bench.run: run case_information C:PMC7520668_01-2: ok case_study, 0 docs, 7.2s, $0.0001 [136/272]
2026-09-29 03:31:59,577 INFO bench.run: run case_information C:PMC9280888_03: ok case_study, 0 docs, 4.8s, $0.0001 [137/272]
2026-09-29 03:32:01,282 INFO bench.run: run case_information C:PMC6917615_01: ok case_study, 0 docs, 6.7s, $0.0001 [138/272]
2026-09-29 03:32:01,298 INFO bench.run: run case_information C:PMC11177723_01-2: ok case_study, 0 docs, 6.4s, $0.0001 [139/272]
2026-09-29 03:32:01,497 INFO bench.run: run case_information C:PMC11177723_01-3: ok case_study, 0 docs, 6.4s, $0.0001 [140/272]
2026-09-29 03:32:01,831 INFO bench.run: run case_information C:PMC5477234_01: ok case_study, 0 docs, 5.0s, $0.0000 [141/272]
2026-09-29 03:32:02,926 INFO bench.run: run case_information C:PMC3680897_02: ok case_study, 0 docs, 3.9s, $0.0001 [142/272]
2026-09-29 03:32:03,487 INFO bench.run: run case_information C:PMC7737524_02-2: ok case_study, 0 docs, 7.4s, $0.0001 [143/272]
2026-09-29 03:32:03,513 INFO bench.run: run case_information C:PMC5477234_01-2: ok case_study, 0 docs, 3.9s, $0.0001 [144/272]
2026-09-29 03:32:03,574 INFO bench.run: run case_information C:PMC5438004_01-2: ok case_study, 0 docs, 9.4s, $0.0001 [145/272]
2026-09-29 03:32:03,623 INFO bench.run: run case_information C:PMC10408638_01-2: ok case_study, 0 docs, 4.3s, $0.0001 [146/272]
2026-09-29 03:32:03,799 INFO bench.run: run case_information C:PMC11799034_01: ok case_study, 0 docs, 6.3s, $0.0001 [147/272]
2026-09-29 03:32:04,435 INFO bench.run: run case_information C:PMC10901751_01: ok case_study, 0 docs, 5.8s, $0.0001 [148/272]
2026-09-29 03:32:04,667 INFO bench.run: run case_information C:PMC4960329_01: ok case_study, 0 docs, 7.7s, $0.0001 [149/272]
2026-09-29 03:32:04,744 INFO bench.run: run case_information C:PMC6051127_01: ok case_study, 0 docs, 10.9s, $0.0001 [150/272]
2026-09-29 03:32:04,854 INFO bench.run: run case_information C:PMC8365009_01: ok case_study, 0 docs, 7.4s, $0.0001 [151/272]
2026-09-29 03:32:06,847 INFO bench.run: run case_information C:PMC11782939_01: ok case_study, 0 docs, 3.0s, $0.0002 [152/272]
2026-09-29 03:32:07,224 INFO bench.run: run case_information C:PMC10408638_01-3: ok case_study, 0 docs, 5.4s, $0.0001 [153/272]
2026-09-29 03:32:07,452 INFO bench.run: run case_information C:PMC10901751_01-3: ok case_study, 0 docs, 3.9s, $0.0000 [154/272]
2026-09-29 03:32:07,455 INFO bench.run: run case_information C:PMC10408638_01-4: ok case_study, 0 docs, 4.5s, $0.0002 [155/272]
2026-09-29 03:32:07,514 INFO bench.run: run case_information C:PMC3782143_01: ok case_study, 0 docs, 3.9s, $0.0001 [156/272]
2026-09-29 03:32:08,065 INFO bench.run: run case_information C:PMC3680897_02-2: ok case_study, 0 docs, 6.8s, $0.0001 [157/272]
2026-09-29 03:32:08,428 INFO bench.run: run case_information C:PMC5228647_01: ok case_study, 0 docs, 7.1s, $0.0001 [158/272]
2026-09-29 03:32:09,081 INFO bench.run: run case_information C:PMC10408638_01: ok case_study, 0 docs, 12.5s, $0.0001 [159/272]
2026-09-29 03:32:09,381 INFO bench.run: run case_information C:PMC7362981_01: ok case_study, 0 docs, 4.6s, $0.0001 [160/272]
2026-09-29 03:32:09,475 INFO bench.run: run case_information C:PMC10724032_01: ok case_study, 0 docs, 4.6s, $0.0000 [161/272]
2026-09-29 03:32:09,768 INFO bench.run: run case_information C:PMC9666701_01: ok case_study, 0 docs, 5.1s, $0.0001 [162/272]
2026-09-29 03:32:09,818 INFO bench.run: run case_information C:PMC11259471_01: ok case_study, 0 docs, 8.3s, $0.0001 [163/272]
2026-09-29 03:32:11,198 INFO bench.run: run case_information C:PMC10512415_02-2: ok case_study, 0 docs, 4.0s, $0.0000 [164/272]
2026-09-29 03:32:11,367 INFO bench.run: run case_information C:PMC9666701_01-2: ok case_study, 0 docs, 3.9s, $0.0001 [165/272]
2026-09-29 03:32:11,515 INFO bench.run: run case_information C:PMC10512415_02: ok case_study, 0 docs, 7.9s, $0.0001 [166/272]
2026-09-29 03:32:11,594 INFO bench.run: run case_information C:PMC6543865_01: ok case_study, 0 docs, 4.8s, $0.0001 [167/272]
2026-09-29 03:32:11,811 INFO bench.run: run case_information C:PMC10901751_01-2: ok case_study, 0 docs, 8.3s, $0.0001 [168/272]
2026-09-29 03:32:12,122 INFO bench.run: run case_information C:PMC6543865_01-2: ok case_study, 0 docs, 4.7s, $0.0001 [169/272]
2026-09-29 03:32:12,349 INFO bench.run: run case_information C:PMC7362981_01-2: ok case_study, 0 docs, 3.9s, $0.0001 [170/272]
2026-09-29 03:32:14,132 INFO bench.run: run case_information C:PMC6011134_01: ok case_study, 0 docs, 6.6s, $0.0002 [171/272]
2026-09-29 03:32:14,607 INFO bench.run: run case_information C:PMC10880557_01: ok case_study, 0 docs, 3.4s, $0.0002 [172/272]
2026-09-29 03:32:14,784 INFO bench.run: run case_information C:PMC3182576_03: ok case_study, 0 docs, 5.0s, $0.0001 [173/272]
2026-09-29 03:32:15,012 INFO bench.run: run case_information C:PMC6839027_01: ok case_study, 0 docs, 3.6s, $0.0003 [174/272]
2026-09-29 03:32:15,023 INFO bench.run: run case_information C:PMC4333364_01: ok case_study, 0 docs, 2.7s, $0.0001 [175/272]
2026-09-29 03:32:15,187 INFO bench.run: run case_information C:PMC4208417_01: ok case_study, 0 docs, 5.7s, $0.0001 [176/272]
2026-09-29 03:32:15,259 INFO bench.run: run case_information C:PMC3908908_01: ok case_study, 0 docs, 5.5s, $0.0001 [177/272]
2026-09-29 03:32:15,883 INFO bench.run: run case_information C:PMC10512415_02-3: ok case_study, 0 docs, 6.5s, $0.0000 [178/272]
2026-09-29 03:32:17,223 INFO bench.run: run case_information C:PMC7362981_01-3: ok case_study, 0 docs, 8.1s, $0.0001 [179/272]
2026-09-29 03:32:17,501 INFO bench.run: run case_information C:PMC9756760_01: ok case_study, 0 docs, 6.0s, $0.0001 [180/272]
2026-09-29 03:32:18,127 INFO bench.run: run case_information C:PMC8263235_03: ok case_study, 0 docs, 13.7s, $0.0001 [181/272]
2026-09-29 03:32:18,217 INFO bench.run: run case_information C:PMC7375717_01-2: ok case_study, 0 docs, 3.2s, $0.0002 [182/272]
2026-09-29 03:32:18,568 INFO bench.run: run case_information C:PMC10880557_01-3: ok case_study, 0 docs, 3.4s, $0.0000 [183/272]
2026-09-29 03:32:18,871 INFO bench.run: run case_information C:PMC3908908_01-2: ok case_study, 0 docs, 4.3s, $0.0001 [184/272]
2026-09-29 03:32:19,166 INFO bench.run: run case_information C:PMC7154980_03: ok case_study, 0 docs, 3.9s, $0.0000 [185/272]
2026-09-29 03:32:19,344 INFO bench.run: run case_information C:PMC4333364_01-2: ok case_study, 0 docs, 5.2s, $0.0001 [186/272]
2026-09-29 03:32:20,746 INFO bench.run: run case_information C:PMC5179218_01: ok case_study, 0 docs, 9.2s, $0.0001 [187/272]
2026-09-29 03:32:21,156 INFO bench.run: run case_information C:PMC6839027_01-2: ok case_study, 0 docs, 6.4s, $0.0001 [188/272]
2026-09-29 03:32:21,202 INFO bench.run: run case_information C:PMC5986936_02: ok case_study, 0 docs, 3.0s, $0.0001 [189/272]
2026-09-29 03:32:21,565 INFO bench.run: run case_information C:PMC7154980_03-2: ok case_study, 0 docs, 3.0s, $0.0001 [190/272]
2026-09-29 03:32:21,776 INFO bench.run: run case_information C:PMC10880557_01-2: ok case_study, 0 docs, 10.0s, $0.0001 [191/272]
2026-09-29 03:32:22,065 INFO bench.run: run case_information C:PMC6279914_01: ok case_study, 0 docs, 4.6s, $0.0001 [192/272]
2026-09-29 03:32:22,529 INFO bench.run: run case_information C:PMC7364570_01: ok case_study, 0 docs, 4.4s, $0.0001 [193/272]
2026-09-29 03:32:23,519 INFO bench.run: run case_information C:PMC5546073_01: ok case_study, 0 docs, 4.3s, $0.0001 [194/272]
2026-09-29 03:32:23,628 INFO bench.run: run case_information C:PMC8790082_01: ok case_study, 0 docs, 4.3s, $0.0001 [195/272]
2026-09-29 03:32:23,970 INFO bench.run: run case_information C:PMC11786930_01: ok case_study, 0 docs, 6.8s, $0.0001 [196/272]
2026-09-29 03:32:25,192 INFO bench.run: run case_information C:PMC3137813_03: ok case_study, 0 docs, 6.3s, $0.0000 [197/272]
2026-09-29 03:32:25,498 INFO bench.run: run case_information C:PMC7364570_01-2: ok case_study, 0 docs, 3.9s, $0.0001 [198/272]
2026-09-29 03:32:26,072 INFO bench.run: run case_information C:PMC11148442_01: ok case_study, 0 docs, 4.3s, $0.0001 [199/272]
2026-09-29 03:32:26,164 INFO bench.run: run case_information C:PMC4338113_02-2: ok case_study, 0 docs, 5.4s, $0.0001 [200/272]
2026-09-29 03:32:26,248 INFO bench.run: run case_information C:PMC10101322_01: ok case_study, 0 docs, 5.0s, $0.0004 [201/272]
2026-09-29 03:32:26,971 INFO bench.run: run case_information C:PMC4338113_02: ok case_study, 0 docs, 11.1s, $0.0001 [202/272]
2026-09-29 03:32:27,243 INFO bench.run: run case_information C:PMC11135111_01: ok case_study, 0 docs, 4.7s, $0.0001 [203/272]
2026-09-29 03:32:27,590 INFO bench.run: run case_information C:PMC9391133_04-2: ok case_study, 0 docs, 4.0s, $0.0001 [204/272]
2026-09-29 03:32:29,080 INFO bench.run: run case_information C:PMC7233891_01: ok case_study, 0 docs, 5.1s, $0.0001 [205/272]
2026-09-29 03:32:29,787 INFO bench.run: run case_information C:PMC11735163_02: ok case_study, 0 docs, 3.7s, $0.0002 [206/272]
2026-09-29 03:32:29,829 INFO bench.run: run case_information C:PMC6409058_01: ok case_study, 0 docs, 3.6s, $0.0002 [207/272]
2026-09-29 03:32:29,932 INFO bench.run: run case_information C:PMC8355933_01: ok case_study, 0 docs, 4.7s, $0.0001 [208/272]
2026-09-29 03:32:30,172 INFO bench.run: run case_information C:PMC8110827_04: ok case_study, 0 docs, 18.1s, $0.0001 [209/272]
2026-09-29 03:32:30,423 INFO bench.run: run case_information C:PMC7375717_01: ok case_study, 0 docs, 15.4s, $0.0001 [210/272]
2026-09-29 03:32:30,659 INFO bench.run: run case_information C:PMC7305531_01: ok case_study, 0 docs, 5.2s, $0.0001 [211/272]
2026-09-29 03:32:30,801 INFO bench.run: run case_information C:PMC5986936_02-2: ok case_study, 0 docs, 8.7s, $0.0001 [212/272]
2026-09-29 03:32:31,061 INFO bench.run: run case_information C:PMC9391133_04-3: ok case_study, 0 docs, 4.9s, $0.0001 [213/272]
2026-09-29 03:32:31,420 INFO bench.run: run case_information C:PMC9391133_04-6: ok case_study, 0 docs, 3.8s, $0.0001 [214/272]
2026-09-29 03:32:32,158 INFO bench.run: run case_information C:PMC9391133_04-5: ok case_study, 0 docs, 4.9s, $0.0001 [215/272]
2026-09-29 03:32:32,232 INFO bench.run: run case_information C:PMC8182171_01: ok case_study, 0 docs, 11.1s, $0.0001 [216/272]
2026-09-29 03:32:33,374 INFO bench.run: run case_information C:PMC7305531_01-2: ok case_study, 0 docs, 4.3s, $0.0001 [217/272]
2026-09-29 03:32:34,176 INFO bench.run: run case_information C:PMC10647881_02: ok case_study, 0 docs, 4.2s, $0.0001 [218/272]
2026-09-29 03:32:34,653 INFO bench.run: run case_information C:PMC10539909_02: ok case_study, 0 docs, 4.5s, $0.0001 [219/272]
2026-09-29 03:32:34,993 INFO bench.run: run case_information C:PMC7305531_01-3: ok case_study, 0 docs, 5.2s, $0.0001 [220/272]
2026-09-29 03:32:35,424 INFO bench.run: run case_information C:PMC3299075_01: ok case_study, 0 docs, 4.8s, $0.0001 [221/272]
2026-09-29 03:32:35,846 INFO bench.run: run case_information C:PMC7191367_02: ok case_study, 0 docs, 5.0s, $0.0001 [222/272]
2026-09-29 03:32:35,929 INFO bench.run: run case_information C:PMC4283393_01: ok case_study, 0 docs, 5.5s, $0.0001 [223/272]
2026-09-29 03:32:36,599 INFO bench.run: run case_information C:PMC9391133_04-4: ok case_study, 0 docs, 9.6s, $0.0001 [224/272]
2026-09-29 03:32:37,223 INFO bench.run: run case_information C:PMC6409058_01-2: ok case_study, 0 docs, 7.4s, $0.0002 [225/272]
2026-09-29 03:32:37,642 INFO bench.run: run case_information C:PMC7789998_01: ok case_study, 0 docs, 4.3s, $0.0001 [226/272]
2026-09-29 03:32:38,270 INFO bench.run: run case_information C:PMC4711050_01: ok case_study, 0 docs, 3.6s, $0.0002 [227/272]
2026-09-29 03:32:38,807 INFO bench.run: run case_information C:PMC9391133_04: ok case_study, 0 docs, 15.3s, $0.0001 [228/272]
2026-09-29 03:32:38,874 INFO bench.run: run case_information C:PMC3269606_04: ok case_study, 0 docs, 7.8s, $0.0001 [229/272]
2026-09-29 03:32:40,101 INFO bench.run: run case_information C:PMC5733126_01: ok case_study, 0 docs, 8.7s, $0.0001 [230/272]
2026-09-29 03:32:41,937 INFO bench.run: run case_information C:PMC10373170_01: ok case_study, 0 docs, 9.8s, $0.0001 [231/272]
2026-09-29 03:32:42,683 INFO bench.run: run case_information C:PMC10940025_01: ok case_study, 0 docs, 10.4s, $0.0001 [232/272]
2026-09-29 03:32:42,790 INFO bench.run: run case_information C:PMC6685107_01: ok no_documents, 0 docs, 34.7s, $0.0004 [233/272]
2026-09-29 03:32:43,489 INFO bench.run: run case_information C:PMC8497160_01: ok case_study, 0 docs, 8.5s, $0.0001 [234/272]
2026-09-29 03:32:43,947 INFO bench.run: run case_information C:PMC10940025_01-2: ok case_study, 0 docs, 9.8s, $0.0001 [235/272]
2026-09-29 03:32:45,356 INFO bench.run: run case_information C:PMC4711050_01-2: ok case_study, 0 docs, 9.9s, $0.0001 [236/272]
2026-09-29 03:32:45,948 INFO bench.run: run case_information C:PMC5056302_01: ok case_study, 0 docs, 8.3s, $0.0001 [237/272]
2026-09-29 03:32:46,378 INFO bench.run: run case_information C:PMC10423616_01: ok case_study, 0 docs, 2.9s, $0.0002 [238/272]
2026-09-29 03:32:46,383 INFO bench.run: run case_information C:PMC10883181_01: ok case_study, 0 docs, 8.1s, $0.0001 [239/272]
2026-09-29 03:32:47,082 INFO bench.run: run case_information C:PMC4382857_01: ok case_study, 0 docs, 8.3s, $0.0001 [240/272]
2026-09-29 03:32:47,085 INFO bench.run: run case_information C:PMC4333438_01: ok case_study, 0 docs, 11.2s, $0.0001 [241/272]
2026-09-29 03:32:47,635 INFO bench.run: run case_information C:PMC10597670_01: ok case_study, 0 docs, 10.4s, $0.0001 [242/272]
2026-09-29 03:32:47,882 INFO bench.run: run case_information C:PMC10883181_01-2: ok case_study, 0 docs, 5.2s, $0.0000 [243/272]
2026-09-29 03:32:48,111 INFO bench.run: run case_information C:PMC4363205_01-2: ok case_study, 0 docs, 11.5s, $0.0001 [244/272]
2026-09-29 03:32:48,980 INFO bench.run: run case_information C:PMC10883181_01-3: ok case_study, 0 docs, 6.2s, $0.0000 [245/272]
2026-09-29 03:32:50,780 INFO bench.run: run case_information C:PMC5056302_01-2: ok case_study, 0 docs, 6.8s, $0.0001 [246/272]
2026-09-29 03:32:51,400 INFO bench.run: run case_information C:PMC5468565_01: ok case_study, 0 docs, 11.3s, $0.0001 [247/272]
2026-09-29 03:32:51,594 INFO bench.run: run case_information C:PMC11717107_01: ok case_study, 0 docs, 5.2s, $0.0001 [248/272]
2026-09-29 03:32:52,093 INFO bench.run: run case_information C:PMC5905864_01: ok case_study, 0 docs, 10.2s, $0.0001 [249/272]
2026-09-29 03:32:52,944 INFO bench.run: run case_information C:B4: ok case_study, 0 docs, 4.8s, $0.0002 [250/272]
2026-09-29 03:32:56,206 INFO bench.run: run case_information C:B1: ok case_study, 0 docs, 9.1s, $0.0001 [251/272]
2026-09-29 03:32:56,712 INFO bench.run: run case_information C:PMC3557622_01: ok case_study, 0 docs, 11.3s, $0.0001 [252/272]
2026-09-29 03:32:56,841 INFO bench.run: run case_information C:B2: ok case_study, 0 docs, 9.2s, $0.0001 [253/272]
2026-09-29 03:32:56,975 INFO bench.run: run case_information C:PMC3557622_01-2: ok case_study, 0 docs, 11.0s, $0.0001 [254/272]
2026-09-29 03:32:57,144 INFO bench.run: run case_information C:PMC10597670_01-2: ok case_study, 0 docs, 10.8s, $0.0001 [255/272]
2026-09-29 03:32:57,498 INFO bench.run: run case_information C:PMC4363205_01: ok case_study, 0 docs, 21.6s, $0.0001 [256/272]
2026-09-29 03:32:57,802 INFO bench.run: run case_information C:PMC10690390_01: ok case_study, 0 docs, 10.7s, $0.0001 [257/272]
2026-09-29 03:32:59,225 INFO bench.run: run case_information C:S1: ok case_study, 0 docs, 7.1s, $0.0001 [258/272]
2026-09-29 03:32:59,477 INFO bench.run: run case_information C:B5: ok case_study, 0 docs, 10.5s, $0.0001 [259/272]
2026-09-29 03:33:00,171 INFO bench.run: run case_information C:S6: ok case_study, 0 docs, 3.2s, $0.0003 [260/272]
2026-09-29 03:33:00,607 INFO bench.run: run case_information C:S5: ok case_study, 0 docs, 3.8s, $0.0002 [261/272]
2026-09-29 03:33:00,807 INFO bench.run: run case_information C:B3: ok case_study, 0 docs, 12.9s, $0.0001 [262/272]
2026-09-29 03:33:01,039 INFO bench.run: run case_information C:B7: ok case_study, 0 docs, 9.6s, $0.0001 [263/272]
2026-09-29 03:33:01,063 INFO bench.run: run case_information C:B6: ok case_study, 0 docs, 10.3s, $0.0001 [264/272]
2026-09-29 03:33:02,759 INFO bench.run: run case_information C:S2: ok case_study, 0 docs, 9.8s, $0.0001 [265/272]
2026-09-29 03:33:02,924 INFO bench.run: run case_information C:B8: ok case_study, 0 docs, 11.3s, $0.0001 [266/272]
2026-09-29 03:33:03,344 INFO bench.run: run case_information C:S7: ok case_study, 0 docs, 6.2s, $0.0000 [267/272]
2026-09-29 03:33:04,830 INFO bench.run: run case_information C:S3: ok case_study, 0 docs, 8.6s, $0.0001 [268/272]
2026-09-29 03:33:05,131 INFO bench.run: run case_information C:S8: ok case_study, 0 docs, 7.6s, $0.0001 [269/272]
2026-09-29 03:33:08,742 INFO bench.run: run case_information C:PMC8165827_04: ok no_documents, 0 docs, 29.9s, $0.0007 [270/272]
2026-09-29 03:33:18,675 INFO bench.run: run case_information C:S4: ok case_study, 0 docs, 22.0s, $0.0001 [271/272]
2026-09-29 03:33:27,114 INFO bench.run: run case_information C:PMC2817494_01: ok no_documents, 0 docs, 103.2s, $0.0014 [272/272]
