2026-09-22 02:23:51,986 INFO bench: bench --out results/retrieval_benchmark --workers 12 run --configs openrouter_search_improved
2026-09-22 02:24:21,964 WARNING medsim.http: GET https://www.ebi.ac.uk/europepmc/webservices/rest/PMC3141279/fullTextXML returned 500; retrying in 1.0s
2026-09-22 02:24:36,651 WARNING medsim.http: GET https://www.ebi.ac.uk/europepmc/webservices/rest/PMC3584785/fullTextXML returned 500; retrying in 1.0s
2026-09-22 02:24:36,651 WARNING medsim.http: GET https://www.ebi.ac.uk/europepmc/webservices/rest/PMC12693672/fullTextXML returned 500; retrying in 1.0s
2026-09-22 02:24:37,638 WARNING medsim.http: GET https://www.ebi.ac.uk/europepmc/webservices/rest/PMC2031940/fullTextXML returned 500; retrying in 1.0s
2026-09-22 02:24:38,102 WARNING medsim.http: GET https://www.ebi.ac.uk/europepmc/webservices/rest/PMC3244819/fullTextXML returned 500; retrying in 1.0s
2026-09-22 02:24:38,162 WARNING medsim.http: GET https://www.ebi.ac.uk/europepmc/webservices/rest/PMC11824345/fullTextXML returned 500; retrying in 1.0s
2026-09-22 02:24:38,748 WARNING medsim.http: GET https://www.ebi.ac.uk/europepmc/webservices/rest/PMC2495152/fullTextXML returned 500; retrying in 1.0s
2026-09-22 02:24:42,730 WARNING medsim.http: GET https://www.ebi.ac.uk/europepmc/webservices/rest/PMC8390507/fullTextXML returned 500; retrying in 1.0s
2026-09-22 02:24:42,861 WARNING medsim.http: GET https://www.ebi.ac.uk/europepmc/webservices/rest/PMC6101658/fullTextXML returned 500; retrying in 1.0s
2026-09-22 02:24:46,071 WARNING medsim.http: GET https://www.ebi.ac.uk/europepmc/webservices/rest/PMC4244387/fullTextXML returned 500; retrying in 1.0s
2026-09-22 02:24:46,483 INFO bench.run: run openrouter_search_improved A:PMC7362981_01:blood_pressure: ok literature, 8 docs, 53.2s, $0.0075 [1/50]
2026-09-22 02:24:50,330 INFO bench.run: run openrouter_search_improved A:PMC6548214_02:cerebrospinal_fluid_white_blood_cell_cou: ok literature, 8 docs, 57.0s, $0.0076 [2/50]
2026-09-22 02:24:53,036 WARNING medsim.http: GET https://www.ebi.ac.uk/europepmc/webservices/rest/PMC7790705/fullTextXML returned 500; retrying in 1.0s
2026-09-22 02:24:55,573 WARNING medsim.http: GET https://www.ebi.ac.uk/europepmc/webservices/rest/PMC5376914/fullTextXML returned 500; retrying in 1.0s
2026-09-22 02:24:57,293 WARNING medsim.http: GET https://www.ebi.ac.uk/europepmc/webservices/rest/PMC6198627/fullTextXML returned 500; retrying in 1.0s
2026-09-22 02:24:57,932 WARNING medsim.http: GET https://www.ebi.ac.uk/europepmc/webservices/rest/PMC10441996/fullTextXML returned 500; retrying in 1.0s
2026-09-22 02:25:07,820 INFO bench.run: run openrouter_search_improved A:S6:oxygen_saturation: ok literature, 8 docs, 74.5s, $0.0075 [3/50]
2026-09-22 02:25:08,545 WARNING medsim.http: GET https://www.ebi.ac.uk/europepmc/webservices/rest/PMC4594061/fullTextXML returned 500; retrying in 1.0s
2026-09-22 02:25:08,558 WARNING medsim.http: GET https://www.ebi.ac.uk/europepmc/webservices/rest/PMC8747577/fullTextXML returned 500; retrying in 1.0s
2026-09-22 02:25:08,611 WARNING medsim.http: GET https://www.ebi.ac.uk/europepmc/webservices/rest/PMC2615696/fullTextXML returned 500; retrying in 1.0s
2026-09-22 02:25:11,491 INFO bench.run: run openrouter_search_improved A:PMC11249570_01:ventricular_rate: ok literature, 8 docs, 78.2s, $0.0079 [4/50]
2026-09-22 02:25:12,799 INFO bench.run: run openrouter_search_improved A:PMC10724032_01:bmi: ok literature, 8 docs, 79.5s, $0.0078 [5/50]
2026-09-22 02:25:17,526 INFO bench.run: run openrouter_search_improved A:PMC11004302_01:ki_67: ok literature, 8 docs, 84.2s, $0.0076 [6/50]
2026-09-22 02:25:18,427 INFO bench.run: run openrouter_search_improved A:PMC6016220_01:white_blood_cell_count: ok literature, 8 docs, 85.1s, $0.0076 [7/50]
2026-09-22 02:25:34,688 INFO bench.run: run openrouter_search_improved A:PMC3005659_01:weight: ok literature, 8 docs, 101.4s, $0.0084 [8/50]
2026-09-22 02:25:35,762 INFO bench.run: run openrouter_search_improved A:PMC4746980_01:birth_weight: ok literature, 8 docs, 102.4s, $0.0078 [9/50]
2026-09-22 02:25:37,104 INFO bench.run: run openrouter_search_improved A:PMC11108692_01:blood_eosinophils_percentage: ok literature, 8 docs, 103.8s, $0.0078 [10/50]
2026-09-22 02:25:40,133 INFO bench.run: run openrouter_search_improved A:B1:spo2: ok literature, 8 docs, 49.8s, $0.0079 [11/50]
2026-09-22 02:25:43,114 INFO bench.run: run openrouter_search_improved A:S5:heart_rate: ok literature, 8 docs, 109.8s, $0.0078 [12/50]
2026-09-22 02:25:43,564 WARNING medsim.http: GET https://www.ebi.ac.uk/europepmc/webservices/rest/PMC8655583/fullTextXML returned 500; retrying in 1.0s
2026-09-22 02:25:51,394 INFO bench.run: run openrouter_search_improved A:PMC7737524_02:egfr: ok literature, 8 docs, 64.9s, $0.0077 [13/50]
2026-09-22 02:25:52,887 WARNING medsim.http: GET https://www.ebi.ac.uk/europepmc/webservices/rest/PMC13178954/fullTextXML returned 500; retrying in 1.0s
2026-09-22 02:26:08,090 INFO bench.run: run openrouter_search_improved A:B3:oxygen_saturation: ok literature, 8 docs, 56.6s, $0.0075 [14/50]
2026-09-22 02:26:13,396 INFO bench.run: run openrouter_search_improved A:PMC4475516_01:ki_67: ok literature, 8 docs, 55.0s, $0.0077 [15/50]
2026-09-22 02:26:14,687 WARNING medsim.http: GET https://www.ebi.ac.uk/europepmc/webservices/rest/PMC3322333/fullTextXML returned 500; retrying in 1.0s
2026-09-22 02:26:16,970 WARNING medsim.http: GET https://www.ebi.ac.uk/europepmc/webservices/rest/PMC6177656/fullTextXML returned 500; retrying in 1.0s
2026-09-22 02:26:17,490 WARNING medsim.http: GET https://www.ebi.ac.uk/europepmc/webservices/rest/PMC10181876/fullTextXML returned 500; retrying in 1.0s
2026-09-22 02:26:17,884 WARNING medsim.http: GET https://www.ebi.ac.uk/europepmc/webservices/rest/PMC5376787/fullTextXML returned 500; retrying in 1.0s
2026-09-22 02:26:23,708 WARNING medsim.http: GET https://www.ebi.ac.uk/europepmc/webservices/rest/PMC3940210/fullTextXML returned 500; retrying in 1.0s
2026-09-22 02:26:26,196 INFO bench.run: run openrouter_search_improved A:PMC9273465_01:beta_hydroxybutyrate: ok literature, 8 docs, 78.4s, $0.0078 [16/50]
2026-09-22 02:26:26,693 INFO bench.run: run openrouter_search_improved A:PMC3625585_01:body_mass_index: ok literature, 8 docs, 50.9s, $0.0079 [17/50]
2026-09-22 02:26:31,571 INFO bench.run: run openrouter_search_improved A:PMC8263235_03:hemoglobin: ok literature, 8 docs, 48.5s, $0.0077 [18/50]
2026-09-22 02:26:35,883 INFO bench.run: run openrouter_search_improved A:PMC11157216_01:temperature: ok literature, 8 docs, 44.5s, $0.0075 [19/50]
2026-09-22 02:26:49,262 WARNING medsim.http: GET https://www.ebi.ac.uk/europepmc/webservices/rest/PMC5411644/fullTextXML returned 500; retrying in 1.0s
2026-09-22 02:26:50,789 INFO bench.run: run openrouter_search_improved A:PMC3792542_01:weight: ok literature, 8 docs, 98.0s, $0.0077 [20/50]
2026-09-22 02:26:53,072 WARNING medsim.http: GET https://www.ebi.ac.uk/europepmc/webservices/rest/PMC2732570/fullTextXML returned 500; retrying in 1.0s
2026-09-22 02:26:53,427 INFO bench.run: run openrouter_search_improved A:PMC5477234_01:weight: ok literature, 8 docs, 180.1s, $0.0086 [21/50]
2026-09-22 02:26:54,275 INFO bench.run: run openrouter_search_improved A:PMC7305531_01:temperature: ok literature, 8 docs, 79.6s, $0.0078 [22/50]
2026-09-22 02:27:00,610 INFO bench.run: run openrouter_search_improved A:PMC8387078_01:blood_urea: ok literature, 8 docs, 103.1s, $0.0079 [23/50]
2026-09-22 02:27:02,427 INFO bench.run: run openrouter_search_improved A:PMC4518021_01:body_temperature: ok literature, 8 docs, 26.5s, $0.0079 [24/50]
2026-09-22 02:27:08,307 INFO bench.run: run openrouter_search_improved A:PMC3023755_01:albumin: ok literature, 8 docs, 60.2s, $0.0077 [25/50]
2026-09-22 02:27:08,659 WARNING medsim.http: GET https://www.ebi.ac.uk/europepmc/webservices/rest/PMC5354107/fullTextXML returned 500; retrying in 1.0s
2026-09-22 02:27:08,697 WARNING medsim.http: GET https://www.ebi.ac.uk/europepmc/webservices/rest/PMC8903017/fullTextXML returned 500; retrying in 1.0s
2026-09-22 02:27:10,040 WARNING medsim.http: GET https://www.ebi.ac.uk/europepmc/webservices/rest/PMC8243175/fullTextXML returned 500; retrying in 1.0s
2026-09-22 02:27:10,393 WARNING medsim.http: GET https://www.ebi.ac.uk/europepmc/webservices/rest/PMC5395417/fullTextXML returned 500; retrying in 1.0s
2026-09-22 02:27:12,784 WARNING medsim.http: GET https://www.ebi.ac.uk/europepmc/webservices/rest/PMC8581535/fullTextXML returned 500; retrying in 1.0s
2026-09-22 02:27:13,709 WARNING medsim.http: GET https://www.ebi.ac.uk/europepmc/webservices/rest/PMC4380641/fullTextXML returned 500; retrying in 1.0s
2026-09-22 02:27:14,167 WARNING medsim.http: GET https://www.ebi.ac.uk/europepmc/webservices/rest/PMC1768001/fullTextXML returned 500; retrying in 1.0s
2026-09-22 02:27:14,167 INFO bench.run: run openrouter_search_improved A:S2:spo2: ok literature, 8 docs, 47.5s, $0.0075 [26/50]
2026-09-22 02:27:23,845 WARNING medsim.http: GET https://www.ebi.ac.uk/europepmc/webservices/rest/PMC1001028/fullTextXML returned 500; retrying in 1.0s
2026-09-22 02:27:25,341 INFO bench.run: run openrouter_search_improved A:PMC3732352_01:lactate_dehydrogenase: ok literature, 8 docs, 59.1s, $0.0077 [27/50]
2026-09-22 02:27:32,747 WARNING medsim.http: GET https://www.ebi.ac.uk/europepmc/webservices/rest/PMC3444570/fullTextXML returned 500; retrying in 1.0s
2026-09-22 02:27:38,988 INFO bench.run: run openrouter_search_improved A:PMC9756760_01:heart_rate: ok synthesizer_unanswerable, 8 docs, 85.6s, $0.0076 [28/50]
2026-09-22 02:27:40,762 INFO bench.run: run openrouter_search_improved B:PMC10373170_01:temperature: ok literature, 8 docs, 38.3s, $0.0074 [29/50]
2026-09-22 02:27:41,294 INFO bench.run: run openrouter_search_improved B:PMC3125664_01:heart_rate: ok literature, 8 docs, 33.0s, $0.0076 [30/50]
2026-09-22 02:27:43,467 INFO bench.run: run openrouter_search_improved A:PMC6917615_01:perfusion_pressure: ok synthesizer_unanswerable, 8 docs, 126.4s, $0.0080 [31/50]
2026-09-22 02:27:52,341 INFO bench.run: run openrouter_search_improved A:PMC11760277_01:esr: ok literature, 8 docs, 61.5s, $0.0076 [32/50]
2026-09-22 02:27:53,493 INFO bench.run: run openrouter_search_improved B:PMC4208417_01:white_cell_count: ok query_builder_declined, 0 docs, 14.5s, $0.0002 [33/50]
2026-09-22 02:28:17,490 INFO bench.run: run openrouter_search_improved B:PMC5986936_02:creatinine: ok literature, 8 docs, 52.1s, $0.0074 [34/50]
2026-09-22 02:28:19,144 INFO bench.run: run openrouter_search_improved A:PMC7520668_01:bmi: ok literature, 8 docs, 159.0s, $0.0082 [35/50]
2026-09-22 02:28:20,564 INFO bench.run: run openrouter_search_improved A:PMC5468569_01:resting_heart_rate: ok literature, 8 docs, 87.1s, $0.0080 [36/50]
2026-09-22 02:28:36,254 INFO bench.run: run openrouter_search_improved B:PMC10806383_01:platelet_count: ok literature, 8 docs, 52.8s, $0.0075 [37/50]
2026-09-22 02:28:38,530 WARNING medsim.http: GET https://www.ebi.ac.uk/europepmc/webservices/rest/PMC11305951/fullTextXML returned 500; retrying in 1.0s
2026-09-22 02:28:39,708 WARNING medsim.http: GET https://www.ebi.ac.uk/europepmc/webservices/rest/PMC4939220/fullTextXML returned 500; retrying in 1.0s
2026-09-22 02:28:39,815 WARNING medsim.http: GET https://www.ebi.ac.uk/europepmc/webservices/rest/PMC8738903/fullTextXML returned 500; retrying in 1.0s
2026-09-22 02:28:42,548 WARNING medsim.http: GET https://www.ebi.ac.uk/europepmc/webservices/rest/PMC8608485/fullTextXML returned 500; retrying in 1.0s
2026-09-22 02:28:42,657 WARNING medsim.http: GET https://www.ebi.ac.uk/europepmc/webservices/rest/PMC2788106/fullTextXML returned 500; retrying in 1.0s
2026-09-22 02:28:45,117 WARNING medsim.http: GET https://www.ebi.ac.uk/europepmc/webservices/rest/PMC1772296/fullTextXML returned 500; retrying in 1.0s
2026-09-22 02:28:47,903 INFO bench.run: run openrouter_search_improved B:S8:lactate: ok synthesizer_unanswerable, 8 docs, 66.6s, $0.0076 [38/50]
2026-09-22 02:28:49,260 WARNING medsim.http: GET https://www.ebi.ac.uk/europepmc/webservices/rest/PMC5998335/fullTextXML returned 500; retrying in 1.0s
2026-09-22 02:28:49,290 WARNING medsim.http: GET https://www.ebi.ac.uk/europepmc/webservices/rest/PMC8962676/fullTextXML returned 500; retrying in 1.0s
2026-09-22 02:28:50,817 INFO bench.run: run openrouter_search_improved A:PMC10373170_01:c_reactive_protein: ok literature, 8 docs, 110.2s, $0.0078 [39/50]
2026-09-22 02:28:51,838 INFO bench.run: run openrouter_search_improved B:PMC8851600_09:sodium: ok synthesizer_unanswerable, 8 docs, 34.4s, $0.0073 [40/50]
2026-09-22 02:29:07,837 WARNING medsim.http: GET https://www.ebi.ac.uk/europepmc/webservices/rest/PMC4757318/fullTextXML returned 500; retrying in 1.0s
2026-09-22 02:29:09,506 INFO bench.run: run openrouter_search_improved B:PMC11108692_01:blood_pressure: ok literature, 8 docs, 88.7s, $0.0085 [41/50]
2026-09-22 02:29:18,628 WARNING medsim.http: GET https://www.ebi.ac.uk/europepmc/webservices/rest/PMC11520360/fullTextXML returned 500; retrying in 1.0s
2026-09-22 02:29:22,619 WARNING medsim.http: GET https://www.ebi.ac.uk/europepmc/webservices/rest/PMC4910799/fullTextXML returned 500; retrying in 1.0s
2026-09-22 02:29:23,170 INFO bench.run: run openrouter_search_improved A:PMC7375717_01:left_visual_acuity: ok literature, 8 docs, 148.9s, $0.0088 [42/50]
2026-09-22 02:29:24,431 INFO bench.run: run openrouter_search_improved B:PMC11786930_01:potassium: ok literature, 8 docs, 65.3s, $0.0076 [43/50]
2026-09-22 02:29:26,664 INFO bench.run: run openrouter_search_improved B:PMC11735163_02:oxygen_saturation: ok literature, 8 docs, 93.2s, $0.0077 [44/50]
2026-09-22 02:29:31,052 INFO bench.run: run openrouter_search_improved B:PMC9095982_01:c_reactive_protein: ok literature, 8 docs, 70.5s, $0.0075 [45/50]
2026-09-22 02:29:32,667 INFO bench.run: run openrouter_search_improved B:PMC11752478_03:temperature: ok literature, 8 docs, 56.4s, $0.0076 [46/50]
2026-09-22 02:29:35,696 INFO bench.run: run openrouter_search_improved B:PMC4333364_01:respiratory_rate: ok query_builder_declined, 0 docs, 103.3s, $0.0017 [47/50]
2026-09-22 02:29:44,287 INFO bench.run: run openrouter_search_improved B:PMC11799034_01:heart_rate: ok literature, 8 docs, 56.4s, $0.0076 [48/50]
2026-09-22 02:30:05,715 WARNING medsim.http: GET https://www.ebi.ac.uk/europepmc/webservices/rest/PMC5460716/fullTextXML returned 500; retrying in 1.0s
2026-09-22 02:30:38,831 INFO bench.run: run openrouter_search_improved A:PMC4294451_01:anti_ccp: ok literature, 8 docs, 247.3s, $0.0092 [49/50]
2026-09-22 02:31:31,634 INFO bench.run: run openrouter_search_improved B:PMC10601745_01:glucose: ok literature, 8 docs, 257.5s, $0.0089 [50/50]
